*TOTAL MESSAGES:1
123:Mensagem de teste
*TOTAL MESSAGES:3
123:Mensagem de teste
123:Outra mensagem de teste
567:Ainda outra mensagem de teste
3
