*MOST ACTIVE USER:634:1
*MOST ACTIVE USER:24:2
*MOST ACTIVE USER:45:3
*MOST ACTIVE USER:924:4
*MOST ACTIVE USER:638:5
*MOST ACTIVE USER:279:6
21
