*MOST ACTIVE USER:123:2
*MOST ACTIVE USER:123:2
*MOST ACTIVE USER:890:2
*SORTED MESSAGES:5
890:A roda do autocarro roda roda
890:A roda do autocarro roda roda roda
567:Ainda outra mensagem de teste
123:Mensagem de teste
123:Outra mensagem de teste
*SORTED MESSAGES:7
123:A roda do autocarro roda
890:A roda do autocarro roda
890:A roda do autocarro roda roda
890:A roda do autocarro roda roda roda
567:Ainda outra mensagem de teste
123:Mensagem de teste
123:Outra mensagem de teste
7
