*MESSAGES FROM USER:123
Mensagem de teste
Outra mensagem de teste
*MESSAGES FROM USER:890
*LONGEST SENTENCE:567:Ainda outra mensagem de teste
*LONGEST SENTENCE:567:Ainda outra mensagem de teste
*LONGEST SENTENCE:890:A roda do autocarro roda roda
4
