*WORD roda:3
*WORD carro:0
*WORD auto:0
*WORD roda:11
*WORD carro:0
*WORD auto:0
7
